[2026-05-10T09:50:37Z] === ENRICH ITERATION 1 START | repo=tokio-rs/tracing sha=96385874 ===
[2026-05-10T09:50:37Z] [iter=1] PHASE START: enrich repo=tokio-rs/tracing sha=96385874 runlog=/home/runner/work/forx/forx/storage/aggregate/lsp/logs/96385874-enrich-iter-001.log output=/home/runner/work/forx/forx/storage/aggregate/lsp/9638587480b3f3c59a858ec78a9ea94103b746b8.nq.gz
[2026-05-10T09:50:37Z] [iter=1] Step 1: Loading AST into disk-backed store mem_mb=76 MB
[2026-05-10T09:50:39Z] [iter=1] AST store loaded triples=290470 load_secs=2 mem_mb=484 MB
[2026-05-10T09:50:39Z] [iter=1] Step 2: Finding LSP targets mem_mb=484 MB
[2026-05-10T09:50:39Z] [iter=1] LSP targets found call_sites=2648 imports=130 extends=0 implements=66 secs=0
[2026-05-10T09:50:40Z] [iter=1] Step 2.7: Building position index (one-shot, shared across resolvers) mem_mb=484 MB
[2026-05-10T09:50:41Z] [iter=1] Position index built positions=19940 nodes_with_types=24379 secs=2 mem_mb=484 MB
[2026-05-10T09:50:41Z] [iter=1] Step 3: Starting LSP resolution mem_mb=484 MB already_completed_types=[] already_completed_files=0
[2026-05-10T09:50:41Z] [iter=1] Resolving target type target_type=call_site count=2648
[2026-05-10T09:51:22Z] [iter=1] HEARTBEAT target_type=call_site elapsed_min=0.7 files_done=1 resolved=20 errors=8 current=tracing-tower/src/http.rs
[2026-05-10T09:51:58Z] [iter=1] HEARTBEAT target_type=call_site elapsed_min=1.4 files_done=6 resolved=170 errors=101 current=examples/examples/inferno-flame.rs
[2026-05-10T09:52:35Z] [iter=1] HEARTBEAT target_type=call_site elapsed_min=2.0 files_done=15 resolved=520 errors=366 current=examples/examples/valuable_json.rs
[2026-05-10T09:53:05Z] [iter=1] HEARTBEAT target_type=call_site elapsed_min=2.5 files_done=45 resolved=1014 errors=621 current=tracing/test-log-support/tests/log_with_trace.rs
[2026-05-10T09:53:25Z] [iter=1] Target type resolved target_type=call_site resolved=1439 errors=765 secs=164 mem_mb=484 MB
[2026-05-10T09:53:25Z] [iter=1] Resolving target type target_type=import_statement count=130
[2026-05-10T09:53:44Z] [iter=1] HEARTBEAT target_type=import_statement elapsed_min=3.1 files_done=1 resolved=3 errors=0 current=examples/examples/thread-info.rs
[2026-05-10T09:53:48Z] [iter=1] Target type resolved target_type=import_statement resolved=114 errors=0 secs=23 mem_mb=484 MB
[2026-05-10T09:53:48Z] [iter=1] Resolving target type target_type=implements_clause count=66
[2026-05-10T09:54:06Z] [iter=1] Target type resolved target_type=implements_clause resolved=53 errors=0 secs=18 mem_mb=484 MB
[2026-05-10T09:54:29Z] [iter=1] Step 5: Writing final enrichment file triples=22323
[2026-05-10T09:54:29Z] [iter=1] Enrichment file written path=/home/runner/work/forx/forx/storage/aggregate/lsp/9638587480b3f3c59a858ec78a9ea94103b746b8.nq.gz size_kb=472
[2026-05-10T09:54:29Z] [iter=1] PHASE END: enrich elapsed_s=233 elapsed_min=3.9 total_triples=22323
